// Jest Snapshot v1, https://goo.gl/fbAQLP

exports[`The GuFastlyLogsIam pattern correctly wires up the policy 1`] = `
Object {
  "Parameters": Object {
    "FastlyCustomerId": Object {
      "Default": "/account/external/fastly/customer.id",
      "Description": "SSM parameter containing the Fastly Customer ID",
      "Type": "AWS::SSM::Parameter::Value<String>",
    },
    "Stage": Object {
      "AllowedValues": Array [
        "CODE",
        "PROD",
      ],
      "Default": "CODE",
      "Description": "Stage name",
      "Type": "String",
    },
  },
  "Resources": Object {
    "iampolicy6C93E3BF": Object {
      "Properties": Object {
        "PolicyDocument": Object {
          "Statement": Array [
            Object {
              "Action": "s3:PutObject",
              "Effect": "Allow",
              "Resource": "arn:aws:s3:::test/*",
            },
          ],
          "Version": "2012-10-17",
        },
        "PolicyName": "iampolicy6C93E3BF",
        "Roles": Array [
          Object {
            "Ref": "iamrole10180D71",
          },
        ],
      },
      "Type": "AWS::IAM::Policy",
    },
    "iamrole10180D71": Object {
      "Properties": Object {
        "AssumeRolePolicyDocument": Object {
          "Statement": Array [
            Object {
              "Action": "sts:AssumeRole",
              "Condition": Object {
                "StringEquals": Object {
                  "sts:ExternalId": Object {
                    "Ref": "FastlyCustomerId",
                  },
                },
              },
              "Effect": "Allow",
              "Principal": Object {
                "AWS": Object {
                  "Fn::Join": Array [
                    "",
                    Array [
                      "arn:",
                      Object {
                        "Ref": "AWS::Partition",
                      },
                      ":iam::717331877981:root",
                    ],
                  ],
                },
              },
            },
          ],
          "Version": "2012-10-17",
        },
        "Tags": Array [
          Object {
            "Key": "gu:cdk:version",
            "Value": "TEST",
          },
          Object {
            "Key": "gu:repo",
            "Value": "guardian/cdk",
          },
          Object {
            "Key": "Stack",
            "Value": "test-stack",
          },
          Object {
            "Key": "Stage",
            "Value": Object {
              "Ref": "Stage",
            },
          },
        ],
      },
      "Type": "AWS::IAM::Role",
    },
  },
}
`;
