// Jest Snapshot v1, https://goo.gl/fbAQLP

exports[`The GuSnsLambda pattern should create the correct resources for a new stack with minimal config 1`] = `
Object {
  "Outputs": Object {
    "mylambdafunctionTopicNameA4E69772": Object {
      "Value": Object {
        "Fn::GetAtt": Array [
          "SnsIncomingEventsTopic308392EC",
          "TopicName",
        ],
      },
    },
  },
  "Parameters": Object {
    "DistributionBucketName": Object {
      "Default": "/account/services/artifact.bucket",
      "Description": "SSM parameter containing the S3 bucket name holding distribution artifacts",
      "Type": "AWS::SSM::Parameter::Value<String>",
    },
    "Stage": Object {
      "AllowedValues": Array [
        "CODE",
        "PROD",
      ],
      "Default": "CODE",
      "Description": "Stage name",
      "Type": "String",
    },
  },
  "Resources": Object {
    "SnsIncomingEventsTopic308392EC": Object {
      "Properties": Object {
        "Tags": Array [
          Object {
            "Key": "App",
            "Value": "testing",
          },
          Object {
            "Key": "gu:cdk:version",
            "Value": "TEST",
          },
          Object {
            "Key": "gu:repo",
            "Value": "guardian/cdk",
          },
          Object {
            "Key": "Stack",
            "Value": "test-stack",
          },
          Object {
            "Key": "Stage",
            "Value": Object {
              "Ref": "Stage",
            },
          },
        ],
      },
      "Type": "AWS::SNS::Topic",
    },
    "mylambdafunction8D341B54": Object {
      "DependsOn": Array [
        "mylambdafunctionServiceRoleDefaultPolicy769897D4",
        "mylambdafunctionServiceRoleE82C2E25",
      ],
      "Properties": Object {
        "Code": Object {
          "S3Bucket": Object {
            "Ref": "DistributionBucketName",
          },
          "S3Key": Object {
            "Fn::Join": Array [
              "",
              Array [
                "test-stack/",
                Object {
                  "Ref": "Stage",
                },
                "/testing/lambda.zip",
              ],
            ],
          },
        },
        "Environment": Object {
          "Variables": Object {
            "APP": "testing",
            "STACK": "test-stack",
            "STAGE": Object {
              "Ref": "Stage",
            },
          },
        },
        "FunctionName": "my-lambda-function",
        "Handler": "my-lambda/handler",
        "MemorySize": 512,
        "Role": Object {
          "Fn::GetAtt": Array [
            "mylambdafunctionServiceRoleE82C2E25",
            "Arn",
          ],
        },
        "Runtime": "nodejs12.x",
        "Tags": Array [
          Object {
            "Key": "App",
            "Value": "testing",
          },
          Object {
            "Key": "gu:cdk:version",
            "Value": "TEST",
          },
          Object {
            "Key": "gu:repo",
            "Value": "guardian/cdk",
          },
          Object {
            "Key": "Stack",
            "Value": "test-stack",
          },
          Object {
            "Key": "Stage",
            "Value": Object {
              "Ref": "Stage",
            },
          },
        ],
        "Timeout": 30,
      },
      "Type": "AWS::Lambda::Function",
    },
    "mylambdafunctionAllowInvokeTestSnsIncomingEventsTopicFE4AC0FA7C8D8231": Object {
      "Properties": Object {
        "Action": "lambda:InvokeFunction",
        "FunctionName": Object {
          "Fn::GetAtt": Array [
            "mylambdafunction8D341B54",
            "Arn",
          ],
        },
        "Principal": "sns.amazonaws.com",
        "SourceArn": Object {
          "Ref": "SnsIncomingEventsTopic308392EC",
        },
      },
      "Type": "AWS::Lambda::Permission",
    },
    "mylambdafunctionServiceRoleDefaultPolicy769897D4": Object {
      "Properties": Object {
        "PolicyDocument": Object {
          "Statement": Array [
            Object {
              "Action": Array [
                "s3:GetObject*",
                "s3:GetBucket*",
                "s3:List*",
              ],
              "Effect": "Allow",
              "Resource": Array [
                Object {
                  "Fn::Join": Array [
                    "",
                    Array [
                      "arn:",
                      Object {
                        "Ref": "AWS::Partition",
                      },
                      ":s3:::",
                      Object {
                        "Ref": "DistributionBucketName",
                      },
                    ],
                  ],
                },
                Object {
                  "Fn::Join": Array [
                    "",
                    Array [
                      "arn:",
                      Object {
                        "Ref": "AWS::Partition",
                      },
                      ":s3:::",
                      Object {
                        "Ref": "DistributionBucketName",
                      },
                      "/*",
                    ],
                  ],
                },
              ],
            },
            Object {
              "Action": "ssm:GetParametersByPath",
              "Effect": "Allow",
              "Resource": Object {
                "Fn::Join": Array [
                  "",
                  Array [
                    "arn:aws:ssm:",
                    Object {
                      "Ref": "AWS::Region",
                    },
                    ":",
                    Object {
                      "Ref": "AWS::AccountId",
                    },
                    ":parameter/",
                    Object {
                      "Ref": "Stage",
                    },
                    "/test-stack/testing",
                  ],
                ],
              },
            },
          ],
          "Version": "2012-10-17",
        },
        "PolicyName": "mylambdafunctionServiceRoleDefaultPolicy769897D4",
        "Roles": Array [
          Object {
            "Ref": "mylambdafunctionServiceRoleE82C2E25",
          },
        ],
      },
      "Type": "AWS::IAM::Policy",
    },
    "mylambdafunctionServiceRoleE82C2E25": Object {
      "Properties": Object {
        "AssumeRolePolicyDocument": Object {
          "Statement": Array [
            Object {
              "Action": "sts:AssumeRole",
              "Effect": "Allow",
              "Principal": Object {
                "Service": "lambda.amazonaws.com",
              },
            },
          ],
          "Version": "2012-10-17",
        },
        "ManagedPolicyArns": Array [
          Object {
            "Fn::Join": Array [
              "",
              Array [
                "arn:",
                Object {
                  "Ref": "AWS::Partition",
                },
                ":iam::aws:policy/service-role/AWSLambdaBasicExecutionRole",
              ],
            ],
          },
        ],
        "Tags": Array [
          Object {
            "Key": "App",
            "Value": "testing",
          },
          Object {
            "Key": "gu:cdk:version",
            "Value": "TEST",
          },
          Object {
            "Key": "gu:repo",
            "Value": "guardian/cdk",
          },
          Object {
            "Key": "Stack",
            "Value": "test-stack",
          },
          Object {
            "Key": "Stage",
            "Value": Object {
              "Ref": "Stage",
            },
          },
        ],
      },
      "Type": "AWS::IAM::Role",
    },
    "mylambdafunctionSnsIncomingEventsTopic6726218D": Object {
      "Properties": Object {
        "Endpoint": Object {
          "Fn::GetAtt": Array [
            "mylambdafunction8D341B54",
            "Arn",
          ],
        },
        "Protocol": "lambda",
        "TopicArn": Object {
          "Ref": "SnsIncomingEventsTopic308392EC",
        },
      },
      "Type": "AWS::SNS::Subscription",
    },
  },
}
`;
