// Jest Snapshot v1, https://goo.gl/fbAQLP

exports[`The Gu5xxPercentageAlarm construct should create the correct alarm resource with minimal config 1`] = `
Object {
  "Mappings": Object {
    "stagemapping": Object {
      "CODE": Object {
        "alarmActionsEnabled": false,
      },
      "PROD": Object {
        "alarmActionsEnabled": true,
      },
    },
  },
  "Outputs": Object {
    "ApplicationLoadBalancerTestingDnsName": Object {
      "Description": "DNS entry for ApplicationLoadBalancerTesting",
      "Value": Object {
        "Fn::GetAtt": Array [
          "ApplicationLoadBalancerTesting172A253B",
          "DNSName",
        ],
      },
    },
  },
  "Parameters": Object {
    "Stage": Object {
      "AllowedValues": Array [
        "CODE",
        "PROD",
      ],
      "Default": "CODE",
      "Description": "Stage name",
      "Type": "String",
    },
  },
  "Resources": Object {
    "ApplicationLoadBalancerTesting172A253B": Object {
      "Properties": Object {
        "LoadBalancerAttributes": Array [
          Object {
            "Key": "deletion_protection.enabled",
            "Value": "true",
          },
        ],
        "Scheme": "internal",
        "SecurityGroups": Array [
          Object {
            "Fn::GetAtt": Array [
              "ApplicationLoadBalancerTestingSecurityGroup883A01A4",
              "GroupId",
            ],
          },
        ],
        "Subnets": Array [
          "",
        ],
        "Tags": Array [
          Object {
            "Key": "App",
            "Value": "testing",
          },
          Object {
            "Key": "gu:cdk:version",
            "Value": "TEST",
          },
          Object {
            "Key": "gu:repo",
            "Value": "guardian/cdk",
          },
          Object {
            "Key": "Stack",
            "Value": "test-stack",
          },
          Object {
            "Key": "Stage",
            "Value": Object {
              "Ref": "Stage",
            },
          },
        ],
        "Type": "application",
      },
      "Type": "AWS::ElasticLoadBalancingV2::LoadBalancer",
    },
    "ApplicationLoadBalancerTestingSecurityGroup883A01A4": Object {
      "Properties": Object {
        "GroupDescription": "Automatically created Security Group for ELB TestApplicationLoadBalancerTesting8F9EA5A8",
        "SecurityGroupEgress": Array [
          Object {
            "CidrIp": "255.255.255.255/32",
            "Description": "Disallow all traffic",
            "FromPort": 252,
            "IpProtocol": "icmp",
            "ToPort": 86,
          },
        ],
        "Tags": Array [
          Object {
            "Key": "App",
            "Value": "testing",
          },
          Object {
            "Key": "gu:cdk:version",
            "Value": "TEST",
          },
          Object {
            "Key": "gu:repo",
            "Value": "guardian/cdk",
          },
          Object {
            "Key": "Stack",
            "Value": "test-stack",
          },
          Object {
            "Key": "Stage",
            "Value": Object {
              "Ref": "Stage",
            },
          },
        ],
        "VpcId": "test",
      },
      "Type": "AWS::EC2::SecurityGroup",
    },
    "testAF53AC38": Object {
      "Properties": Object {
        "ActionsEnabled": Object {
          "Fn::FindInMap": Array [
            "stagemapping",
            Object {
              "Ref": "Stage",
            },
            "alarmActionsEnabled",
          ],
        },
        "AlarmActions": Array [
          Object {
            "Fn::Join": Array [
              "",
              Array [
                "arn:aws:sns:",
                Object {
                  "Ref": "AWS::Region",
                },
                ":",
                Object {
                  "Ref": "AWS::AccountId",
                },
                ":test-topic",
              ],
            ],
          },
        ],
        "AlarmDescription": "testing exceeded 1% error rate",
        "AlarmName": Object {
          "Fn::Join": Array [
            "",
            Array [
              "High 5XX error % from testing in ",
              Object {
                "Ref": "Stage",
              },
            ],
          ],
        },
        "ComparisonOperator": "GreaterThanThreshold",
        "EvaluationPeriods": 1,
        "Metrics": Array [
          Object {
            "Expression": "100*(m1+m2)/m3",
            "Id": "expr_1",
            "Label": "% of 5XX responses served for testing (load balancer and instances combined)",
          },
          Object {
            "Id": "m1",
            "MetricStat": Object {
              "Metric": Object {
                "Dimensions": Array [
                  Object {
                    "Name": "LoadBalancer",
                    "Value": Object {
                      "Fn::GetAtt": Array [
                        "ApplicationLoadBalancerTesting172A253B",
                        "LoadBalancerFullName",
                      ],
                    },
                  },
                ],
                "MetricName": "HTTPCode_ELB_5XX_Count",
                "Namespace": "AWS/ApplicationELB",
              },
              "Period": 60,
              "Stat": "Sum",
            },
            "ReturnData": false,
          },
          Object {
            "Id": "m2",
            "MetricStat": Object {
              "Metric": Object {
                "Dimensions": Array [
                  Object {
                    "Name": "LoadBalancer",
                    "Value": Object {
                      "Fn::GetAtt": Array [
                        "ApplicationLoadBalancerTesting172A253B",
                        "LoadBalancerFullName",
                      ],
                    },
                  },
                ],
                "MetricName": "HTTPCode_Target_5XX_Count",
                "Namespace": "AWS/ApplicationELB",
              },
              "Period": 60,
              "Stat": "Sum",
            },
            "ReturnData": false,
          },
          Object {
            "Id": "m3",
            "MetricStat": Object {
              "Metric": Object {
                "Dimensions": Array [
                  Object {
                    "Name": "LoadBalancer",
                    "Value": Object {
                      "Fn::GetAtt": Array [
                        "ApplicationLoadBalancerTesting172A253B",
                        "LoadBalancerFullName",
                      ],
                    },
                  },
                ],
                "MetricName": "RequestCount",
                "Namespace": "AWS/ApplicationELB",
              },
              "Period": 60,
              "Stat": "Sum",
            },
            "ReturnData": false,
          },
        ],
        "Threshold": 1,
        "TreatMissingData": "notBreaching",
      },
      "Type": "AWS::CloudWatch::Alarm",
    },
  },
}
`;
