// Jest Snapshot v1, https://goo.gl/fbAQLP

exports[`GuSESSenderPolicy should add a parameter to the stack for the sending email address 1`] = `
Object {
  "Parameters": Object {
    "EmailSenderAddress": Object {
      "AllowedPattern": "^[a-zA-Z]+(\\\\.[a-zA-Z]+)*@theguardian.com$",
      "ConstraintDescription": "Must be an @theguardian.com email address",
      "Description": "The sender of emails sent using SES.",
      "Type": "String",
    },
  },
  "Resources": Object {
    "GuSESSenderPolicy2E2A75A2": Object {
      "Properties": Object {
        "PolicyDocument": Object {
          "Statement": Array [
            Object {
              "Action": "ses:SendEmail",
              "Effect": "Allow",
              "Resource": Object {
                "Fn::Join": Array [
                  "",
                  Array [
                    "arn:aws:ses:",
                    Object {
                      "Ref": "AWS::Region",
                    },
                    ":",
                    Object {
                      "Ref": "AWS::AccountId",
                    },
                    ":identity/",
                    Object {
                      "Ref": "EmailSenderAddress",
                    },
                  ],
                ],
              },
            },
          ],
          "Version": "2012-10-17",
        },
        "PolicyName": "GuSESSenderPolicy2E2A75A2",
        "Roles": Array [
          Object {
            "Ref": "TestRole6C9272DF",
          },
        ],
      },
      "Type": "AWS::IAM::Policy",
    },
    "TestRole6C9272DF": Object {
      "Properties": Object {
        "AssumeRolePolicyDocument": Object {
          "Statement": Array [
            Object {
              "Action": "sts:AssumeRole",
              "Effect": "Allow",
              "Principal": Object {
                "Service": Object {
                  "Fn::Join": Array [
                    "",
                    Array [
                      "ec2.",
                      Object {
                        "Ref": "AWS::URLSuffix",
                      },
                    ],
                  ],
                },
              },
            },
          ],
          "Version": "2012-10-17",
        },
        "Tags": Array [
          Object {
            "Key": "App",
            "Value": "testing",
          },
          Object {
            "Key": "gu:cdk:version",
            "Value": "TEST",
          },
          Object {
            "Key": "gu:repo",
            "Value": "guardian/cdk",
          },
          Object {
            "Key": "Stack",
            "Value": "test-stack",
          },
          Object {
            "Key": "Stage",
            "Value": "TEST",
          },
        ],
      },
      "Type": "AWS::IAM::Role",
    },
  },
}
`;
