// Jest Snapshot v1, https://goo.gl/fbAQLP

exports[`The GitHubActionsRole construct should create the correct resources with minimal config 1`] = `
{
  "Metadata": {
    "gu:cdk:constructs": [
      "GuStack",
      "GuGetS3ObjectsPolicy",
      "GuGithubActionsRole",
    ],
    "gu:cdk:version": "TEST",
  },
  "Outputs": {
    "GithubActionsRoleGithubActionsRoleArnC13D9654": {
      "Value": {
        "Fn::GetAtt": [
          "GithubActionsRoleF5CC769F",
          "Arn",
        ],
      },
    },
  },
  "Resources": {
    "GetObjectsDE66E0D1": {
      "Properties": {
        "PolicyDocument": {
          "Statement": [
            {
              "Action": "s3:GetObject",
              "Effect": "Allow",
              "Resource": "arn:aws:s3:::super-secret-stuff/*",
            },
          ],
          "Version": "2012-10-17",
        },
        "PolicyName": "GetObjectsDE66E0D1",
        "Roles": [
          {
            "Ref": "GithubActionsRoleF5CC769F",
          },
        ],
      },
      "Type": "AWS::IAM::Policy",
    },
    "GithubActionsOidc": {
      "Properties": {
        "ClientIdList": [
          "sts.amazonaws.com",
        ],
        "ThumbprintList": [
          "6938fd4d98bab03faadb97b34396831e3780aea1",
        ],
        "Url": "https://token.actions.githubusercontent.com",
      },
      "Type": "AWS::IAM::OIDCProvider",
    },
    "GithubActionsRoleF5CC769F": {
      "Properties": {
        "AssumeRolePolicyDocument": {
          "Statement": [
            {
              "Action": "sts:AssumeRoleWithWebIdentity",
              "Condition": {
                "StringLike": {
                  "token.actions.githubusercontent.com:sub": "repo:guardian/*",
                },
              },
              "Effect": "Allow",
              "Principal": {
                "Federated": {
                  "Ref": "GithubActionsOidc",
                },
              },
            },
          ],
          "Version": "2012-10-17",
        },
        "Tags": [
          {
            "Key": "gu:cdk:version",
            "Value": "TEST",
          },
          {
            "Key": "gu:repo",
            "Value": "guardian/cdk",
          },
          {
            "Key": "Stack",
            "Value": "test-stack",
          },
          {
            "Key": "Stage",
            "Value": "TEST",
          },
        ],
      },
      "Type": "AWS::IAM::Role",
    },
  },
}
`;
