// Jest Snapshot v1, https://goo.gl/fbAQLP

exports[`The GuFastlyLogsIamRole construct correctly wires up the policy 1`] = `
{
  "Metadata": {
    "gu:cdk:constructs": [
      "GuStack",
      "GuFastlyCustomerIdParameter",
      "GuFastlyLogsIamRole",
      "GuPutS3ObjectsPolicy",
    ],
    "gu:cdk:version": "TEST",
  },
  "Parameters": {
    "FastlyCustomerId": {
      "Default": "/account/external/fastly/customer.id",
      "Description": "SSM parameter containing the Fastly Customer ID. Can be obtained from https://manage.fastly.com/account/company by an admin",
      "Type": "AWS::SSM::Parameter::Value<String>",
    },
  },
  "Resources": {
    "GuFastlyLogsIamRoleE2DAFAB3": {
      "Properties": {
        "AssumeRolePolicyDocument": {
          "Statement": [
            {
              "Action": "sts:AssumeRole",
              "Condition": {
                "StringEquals": {
                  "sts:ExternalId": {
                    "Ref": "FastlyCustomerId",
                  },
                },
              },
              "Effect": "Allow",
              "Principal": {
                "AWS": {
                  "Fn::Join": [
                    "",
                    [
                      "arn:",
                      {
                        "Ref": "AWS::Partition",
                      },
                      ":iam::717331877981:root",
                    ],
                  ],
                },
              },
            },
          ],
          "Version": "2012-10-17",
        },
        "Tags": [
          {
            "Key": "gu:cdk:version",
            "Value": "TEST",
          },
          {
            "Key": "gu:repo",
            "Value": "guardian/cdk",
          },
          {
            "Key": "Stack",
            "Value": "test-stack",
          },
          {
            "Key": "Stage",
            "Value": "TEST",
          },
        ],
      },
      "Type": "AWS::IAM::Role",
    },
    "GuFastlyLogsIamRolePolicy5BF3CDCA": {
      "Properties": {
        "PolicyDocument": {
          "Statement": [
            {
              "Action": "s3:PutObject",
              "Effect": "Allow",
              "Resource": "arn:aws:s3:::test/TEST/stack/app/*",
            },
          ],
          "Version": "2012-10-17",
        },
        "PolicyName": "GuFastlyLogsIamRolePolicy5BF3CDCA",
        "Roles": [
          {
            "Ref": "GuFastlyLogsIamRoleE2DAFAB3",
          },
        ],
      },
      "Type": "AWS::IAM::Policy",
    },
  },
}
`;
