// Jest Snapshot v1, https://goo.gl/fbAQLP

exports[`The GuS3Bucket construct should set the bucket's policy to 'retain' 1`] = `
{
  "Metadata": {
    "gu:cdk:constructs": [
      "GuStack",
      "GuS3Bucket",
    ],
    "gu:cdk:version": "TEST",
  },
  "Resources": {
    "MyBucketTest262E966E": {
      "DeletionPolicy": "Retain",
      "Properties": {
        "BucketName": "super-important-stuff",
        "PublicAccessBlockConfiguration": {
          "BlockPublicAcls": true,
          "BlockPublicPolicy": true,
          "IgnorePublicAcls": true,
          "RestrictPublicBuckets": true,
        },
        "Tags": [
          {
            "Key": "App",
            "Value": "test",
          },
          {
            "Key": "gu:cdk:version",
            "Value": "TEST",
          },
          {
            "Key": "gu:repo",
            "Value": "guardian/cdk",
          },
          {
            "Key": "Stack",
            "Value": "test-stack",
          },
          {
            "Key": "Stage",
            "Value": "TEST",
          },
        ],
      },
      "Type": "AWS::S3::Bucket",
      "UpdateReplacePolicy": "Retain",
    },
  },
}
`;
