// Jest Snapshot v1, https://goo.gl/fbAQLP

exports[`The GuEcsTask pattern should create the correct resources with lots of config 1`] = `
{
  "Mappings": {
    "ServiceprincipalMap": {
      "af-south-1": {
        "states": "states.af-south-1.amazonaws.com",
      },
      "ap-east-1": {
        "states": "states.ap-east-1.amazonaws.com",
      },
      "ap-northeast-1": {
        "states": "states.ap-northeast-1.amazonaws.com",
      },
      "ap-northeast-2": {
        "states": "states.ap-northeast-2.amazonaws.com",
      },
      "ap-northeast-3": {
        "states": "states.ap-northeast-3.amazonaws.com",
      },
      "ap-south-1": {
        "states": "states.ap-south-1.amazonaws.com",
      },
      "ap-south-2": {
        "states": "states.ap-south-2.amazonaws.com",
      },
      "ap-southeast-1": {
        "states": "states.ap-southeast-1.amazonaws.com",
      },
      "ap-southeast-2": {
        "states": "states.ap-southeast-2.amazonaws.com",
      },
      "ap-southeast-3": {
        "states": "states.ap-southeast-3.amazonaws.com",
      },
      "ca-central-1": {
        "states": "states.ca-central-1.amazonaws.com",
      },
      "cn-north-1": {
        "states": "states.cn-north-1.amazonaws.com",
      },
      "cn-northwest-1": {
        "states": "states.cn-northwest-1.amazonaws.com",
      },
      "eu-central-1": {
        "states": "states.eu-central-1.amazonaws.com",
      },
      "eu-north-1": {
        "states": "states.eu-north-1.amazonaws.com",
      },
      "eu-south-1": {
        "states": "states.eu-south-1.amazonaws.com",
      },
      "eu-south-2": {
        "states": "states.eu-south-2.amazonaws.com",
      },
      "eu-west-1": {
        "states": "states.eu-west-1.amazonaws.com",
      },
      "eu-west-2": {
        "states": "states.eu-west-2.amazonaws.com",
      },
      "eu-west-3": {
        "states": "states.eu-west-3.amazonaws.com",
      },
      "me-central-1": {
        "states": "states.me-central-1.amazonaws.com",
      },
      "me-south-1": {
        "states": "states.me-south-1.amazonaws.com",
      },
      "sa-east-1": {
        "states": "states.sa-east-1.amazonaws.com",
      },
      "us-east-1": {
        "states": "states.us-east-1.amazonaws.com",
      },
      "us-east-2": {
        "states": "states.us-east-2.amazonaws.com",
      },
      "us-gov-east-1": {
        "states": "states.us-gov-east-1.amazonaws.com",
      },
      "us-gov-west-1": {
        "states": "states.us-gov-west-1.amazonaws.com",
      },
      "us-iso-east-1": {
        "states": "states.amazonaws.com",
      },
      "us-iso-west-1": {
        "states": "states.amazonaws.com",
      },
      "us-isob-east-1": {
        "states": "states.amazonaws.com",
      },
      "us-west-1": {
        "states": "states.us-west-1.amazonaws.com",
      },
      "us-west-2": {
        "states": "states.us-west-2.amazonaws.com",
      },
    },
  },
  "Metadata": {
    "gu:cdk:constructs": [
      "GuStack",
      "GuEcsTask",
      "GuDistributionBucketParameter",
    ],
    "gu:cdk:version": "TEST",
  },
  "Outputs": {
    "testecstaskecstestStateMachineArnOutput": {
      "Value": {
        "Ref": "testecstaskecstestStateMachineC0B6383F",
      },
    },
  },
  "Parameters": {
    "DistributionBucketName": {
      "Default": "/account/services/artifact.bucket",
      "Description": "SSM parameter containing the S3 bucket name holding distribution artifacts",
      "Type": "AWS::SSM::Parameter::Value<String>",
    },
  },
  "Resources": {
    "ecstestexecutionfailedC93F511B": {
      "Properties": {
        "ActionsEnabled": true,
        "AlarmActions": [
          "arn:something:else:here:we:goalarm-topic",
        ],
        "AlarmDescription": "ecs-test-TEST job failed ",
        "ComparisonOperator": "GreaterThanOrEqualToThreshold",
        "Dimensions": [
          {
            "Name": "StateMachineArn",
            "Value": {
              "Ref": "testecstaskecstestStateMachineC0B6383F",
            },
          },
        ],
        "EvaluationPeriods": 1,
        "MetricName": "ExecutionsFailed",
        "Namespace": "AWS/States",
        "Period": 3600,
        "Statistic": "Sum",
        "Threshold": 1,
        "TreatMissingData": "notBreaching",
      },
      "Type": "AWS::CloudWatch::Alarm",
    },
    "ecstesttimeoutFE335653": {
      "Properties": {
        "ActionsEnabled": true,
        "AlarmActions": [
          "arn:something:else:here:we:goalarm-topic",
        ],
        "AlarmDescription": "ecs-test-TEST job timed out ",
        "ComparisonOperator": "GreaterThanOrEqualToThreshold",
        "Dimensions": [
          {
            "Name": "StateMachineArn",
            "Value": {
              "Ref": "testecstaskecstestStateMachineC0B6383F",
            },
          },
        ],
        "EvaluationPeriods": 1,
        "MetricName": "ExecutionsTimedOut",
        "Namespace": "AWS/States",
        "Period": 3600,
        "Statistic": "Sum",
        "Threshold": 1,
        "TreatMissingData": "notBreaching",
      },
      "Type": "AWS::CloudWatch::Alarm",
    },
    "testecstaskecstestCluster71BC62CB": {
      "Properties": {
        "CapacityProviders": [
          "FARGATE",
          "FARGATE_SPOT",
        ],
        "Cluster": {
          "Ref": "testecstaskecstestClusterCBD4036C",
        },
        "DefaultCapacityProviderStrategy": [],
      },
      "Type": "AWS::ECS::ClusterCapacityProviderAssociations",
    },
    "testecstaskecstestClusterCBD4036C": {
      "Properties": {
        "ClusterName": "ecs-test-cluster-TEST",
        "Tags": [
          {
            "Key": "App",
            "Value": "ecs-test",
          },
          {
            "Key": "gu:cdk:version",
            "Value": "TEST",
          },
          {
            "Key": "gu:repo",
            "Value": "guardian/cdk",
          },
          {
            "Key": "Stack",
            "Value": "test-stack",
          },
          {
            "Key": "Stage",
            "Value": "TEST",
          },
        ],
      },
      "Type": "AWS::ECS::Cluster",
    },
    "testecstaskecstestStateMachineC0B6383F": {
      "DependsOn": [
        "testecstaskecstestStateMachineRoleDefaultPolicy81B8C5B5",
        "testecstaskecstestStateMachineRole93D08A02",
      ],
      "Properties": {
        "DefinitionString": {
          "Fn::Join": [
            "",
            [
              "{"StartAt":"test-ecs-task-ecs-test-task","States":{"test-ecs-task-ecs-test-task":{"End":true,"Type":"Task","TimeoutSeconds":3600,"ResultPath":null,"Resource":"arn:",
              {
                "Ref": "AWS::Partition",
              },
              ":states:::ecs:runTask.sync","Parameters":{"Cluster":"",
              {
                "Fn::GetAtt": [
                  "testecstaskecstestClusterCBD4036C",
                  "Arn",
                ],
              },
              "","TaskDefinition":"test-stack-TEST-ecs-test","NetworkConfiguration":{"AwsvpcConfiguration":{"Subnets":["abc-123"],"SecurityGroups":["id-123"]}},"Overrides":{"ContainerOverrides":[{"Name":"test-ecs-task-ecs-test-TaskContainer"}]},"LaunchType":"FARGATE","PlatformVersion":"LATEST"}}}}",
            ],
          ],
        },
        "RoleArn": {
          "Fn::GetAtt": [
            "testecstaskecstestStateMachineRole93D08A02",
            "Arn",
          ],
        },
        "StateMachineName": "ecs-test-TEST",
        "Tags": [
          {
            "Key": "App",
            "Value": "ecs-test",
          },
          {
            "Key": "gu:cdk:version",
            "Value": "TEST",
          },
          {
            "Key": "gu:repo",
            "Value": "guardian/cdk",
          },
          {
            "Key": "Stack",
            "Value": "test-stack",
          },
          {
            "Key": "Stage",
            "Value": "TEST",
          },
        ],
      },
      "Type": "AWS::StepFunctions::StateMachine",
    },
    "testecstaskecstestStateMachineRole93D08A02": {
      "Properties": {
        "AssumeRolePolicyDocument": {
          "Statement": [
            {
              "Action": "sts:AssumeRole",
              "Effect": "Allow",
              "Principal": {
                "Service": {
                  "Fn::FindInMap": [
                    "ServiceprincipalMap",
                    {
                      "Ref": "AWS::Region",
                    },
                    "states",
                  ],
                },
              },
            },
          ],
          "Version": "2012-10-17",
        },
        "Tags": [
          {
            "Key": "App",
            "Value": "ecs-test",
          },
          {
            "Key": "gu:cdk:version",
            "Value": "TEST",
          },
          {
            "Key": "gu:repo",
            "Value": "guardian/cdk",
          },
          {
            "Key": "Stack",
            "Value": "test-stack",
          },
          {
            "Key": "Stage",
            "Value": "TEST",
          },
        ],
      },
      "Type": "AWS::IAM::Role",
    },
    "testecstaskecstestStateMachineRoleDefaultPolicy81B8C5B5": {
      "Properties": {
        "PolicyDocument": {
          "Statement": [
            {
              "Action": "ecs:RunTask",
              "Effect": "Allow",
              "Resource": {
                "Fn::Join": [
                  "",
                  [
                    "arn:",
                    {
                      "Fn::Select": [
                        1,
                        {
                          "Fn::Split": [
                            ":",
                            {
                              "Ref": "testecstaskecstestTaskDefinition4BF687D5",
                            },
                          ],
                        },
                      ],
                    },
                    ":",
                    {
                      "Fn::Select": [
                        2,
                        {
                          "Fn::Split": [
                            ":",
                            {
                              "Ref": "testecstaskecstestTaskDefinition4BF687D5",
                            },
                          ],
                        },
                      ],
                    },
                    ":",
                    {
                      "Fn::Select": [
                        3,
                        {
                          "Fn::Split": [
                            ":",
                            {
                              "Ref": "testecstaskecstestTaskDefinition4BF687D5",
                            },
                          ],
                        },
                      ],
                    },
                    ":",
                    {
                      "Fn::Select": [
                        4,
                        {
                          "Fn::Split": [
                            ":",
                            {
                              "Ref": "testecstaskecstestTaskDefinition4BF687D5",
                            },
                          ],
                        },
                      ],
                    },
                    ":",
                    {
                      "Fn::Select": [
                        0,
                        {
                          "Fn::Split": [
                            "/",
                            {
                              "Fn::Select": [
                                5,
                                {
                                  "Fn::Split": [
                                    ":",
                                    {
                                      "Ref": "testecstaskecstestTaskDefinition4BF687D5",
                                    },
                                  ],
                                },
                              ],
                            },
                          ],
                        },
                      ],
                    },
                    "/",
                    {
                      "Fn::Select": [
                        1,
                        {
                          "Fn::Split": [
                            "/",
                            {
                              "Fn::Select": [
                                5,
                                {
                                  "Fn::Split": [
                                    ":",
                                    {
                                      "Ref": "testecstaskecstestTaskDefinition4BF687D5",
                                    },
                                  ],
                                },
                              ],
                            },
                          ],
                        },
                      ],
                    },
                  ],
                ],
              },
            },
            {
              "Action": [
                "ecs:StopTask",
                "ecs:DescribeTasks",
              ],
              "Effect": "Allow",
              "Resource": "*",
            },
            {
              "Action": "iam:PassRole",
              "Effect": "Allow",
              "Resource": [
                {
                  "Fn::GetAtt": [
                    "testecstaskecstestTaskDefinitionTaskRole4D626B6F",
                    "Arn",
                  ],
                },
                {
                  "Fn::GetAtt": [
                    "testecstaskecstestTaskDefinitionExecutionRoleF588BC50",
                    "Arn",
                  ],
                },
              ],
            },
            {
              "Action": [
                "events:PutTargets",
                "events:PutRule",
                "events:DescribeRule",
              ],
              "Effect": "Allow",
              "Resource": {
                "Fn::Join": [
                  "",
                  [
                    "arn:",
                    {
                      "Ref": "AWS::Partition",
                    },
                    ":events:",
                    {
                      "Ref": "AWS::Region",
                    },
                    ":",
                    {
                      "Ref": "AWS::AccountId",
                    },
                    ":rule/StepFunctionsGetEventsForECSTaskRule",
                  ],
                ],
              },
            },
          ],
          "Version": "2012-10-17",
        },
        "PolicyName": "testecstaskecstestStateMachineRoleDefaultPolicy81B8C5B5",
        "Roles": [
          {
            "Ref": "testecstaskecstestStateMachineRole93D08A02",
          },
        ],
      },
      "Type": "AWS::IAM::Policy",
    },
    "testecstaskecstestTaskDefinition4BF687D5": {
      "Properties": {
        "ContainerDefinitions": [
          {
            "Command": [
              "-c",
              "echo "yo ho row ho it's a pirates life for me"",
            ],
            "Cpu": 1024,
            "EntryPoint": [
              "/bin/sh",
            ],
            "Essential": true,
            "Image": "node:10",
            "LogConfiguration": {
              "LogDriver": "awslogs",
              "Options": {
                "awslogs-group": {
                  "Ref": "testecstaskecstestTaskDefinitiontestecstaskecstestTaskContainerLogGroup3F63585A",
                },
                "awslogs-region": {
                  "Ref": "AWS::Region",
                },
                "awslogs-stream-prefix": "ecs-test",
              },
            },
            "Memory": 1024,
            "Name": "test-ecs-task-ecs-test-TaskContainer",
          },
        ],
        "Cpu": "1024",
        "EphemeralStorage": {
          "SizeInGiB": 30,
        },
        "ExecutionRoleArn": {
          "Fn::GetAtt": [
            "testecstaskecstestTaskDefinitionExecutionRoleF588BC50",
            "Arn",
          ],
        },
        "Family": "test-stack-TEST-ecs-test",
        "Memory": "1024",
        "NetworkMode": "awsvpc",
        "RequiresCompatibilities": [
          "FARGATE",
        ],
        "Tags": [
          {
            "Key": "App",
            "Value": "ecs-test",
          },
          {
            "Key": "gu:cdk:version",
            "Value": "TEST",
          },
          {
            "Key": "gu:repo",
            "Value": "guardian/cdk",
          },
          {
            "Key": "Stack",
            "Value": "test-stack",
          },
          {
            "Key": "Stage",
            "Value": "TEST",
          },
        ],
        "TaskRoleArn": {
          "Fn::GetAtt": [
            "testecstaskecstestTaskDefinitionTaskRole4D626B6F",
            "Arn",
          ],
        },
      },
      "Type": "AWS::ECS::TaskDefinition",
    },
    "testecstaskecstestTaskDefinitionExecutionRoleDefaultPolicy85ED5386": {
      "Properties": {
        "PolicyDocument": {
          "Statement": [
            {
              "Action": [
                "logs:CreateLogStream",
                "logs:PutLogEvents",
              ],
              "Effect": "Allow",
              "Resource": {
                "Fn::GetAtt": [
                  "testecstaskecstestTaskDefinitiontestecstaskecstestTaskContainerLogGroup3F63585A",
                  "Arn",
                ],
              },
            },
          ],
          "Version": "2012-10-17",
        },
        "PolicyName": "testecstaskecstestTaskDefinitionExecutionRoleDefaultPolicy85ED5386",
        "Roles": [
          {
            "Ref": "testecstaskecstestTaskDefinitionExecutionRoleF588BC50",
          },
        ],
      },
      "Type": "AWS::IAM::Policy",
    },
    "testecstaskecstestTaskDefinitionExecutionRoleF588BC50": {
      "Properties": {
        "AssumeRolePolicyDocument": {
          "Statement": [
            {
              "Action": "sts:AssumeRole",
              "Effect": "Allow",
              "Principal": {
                "Service": "ecs-tasks.amazonaws.com",
              },
            },
          ],
          "Version": "2012-10-17",
        },
        "Tags": [
          {
            "Key": "App",
            "Value": "ecs-test",
          },
          {
            "Key": "gu:cdk:version",
            "Value": "TEST",
          },
          {
            "Key": "gu:repo",
            "Value": "guardian/cdk",
          },
          {
            "Key": "Stack",
            "Value": "test-stack",
          },
          {
            "Key": "Stage",
            "Value": "TEST",
          },
        ],
      },
      "Type": "AWS::IAM::Role",
    },
    "testecstaskecstestTaskDefinitionTaskRole4D626B6F": {
      "Properties": {
        "AssumeRolePolicyDocument": {
          "Statement": [
            {
              "Action": "sts:AssumeRole",
              "Effect": "Allow",
              "Principal": {
                "Service": "ecs-tasks.amazonaws.com",
              },
            },
          ],
          "Version": "2012-10-17",
        },
        "Tags": [
          {
            "Key": "App",
            "Value": "ecs-test",
          },
          {
            "Key": "gu:cdk:version",
            "Value": "TEST",
          },
          {
            "Key": "gu:repo",
            "Value": "guardian/cdk",
          },
          {
            "Key": "Stack",
            "Value": "test-stack",
          },
          {
            "Key": "Stage",
            "Value": "TEST",
          },
        ],
      },
      "Type": "AWS::IAM::Role",
    },
    "testecstaskecstestTaskDefinitionTaskRoleDefaultPolicy65D034C8": {
      "Properties": {
        "PolicyDocument": {
          "Statement": [
            {
              "Action": "s3:GetObject",
              "Effect": "Allow",
              "Resource": {
                "Fn::Join": [
                  "",
                  [
                    "arn:aws:s3:::",
                    {
                      "Ref": "DistributionBucketName",
                    },
                    "/test-stack/TEST/ecs-test/*",
                  ],
                ],
              },
            },
            {
              "Action": "s3:GetObject",
              "Effect": "Allow",
              "Resource": "databaseSecretArn",
            },
          ],
          "Version": "2012-10-17",
        },
        "PolicyName": "testecstaskecstestTaskDefinitionTaskRoleDefaultPolicy65D034C8",
        "Roles": [
          {
            "Ref": "testecstaskecstestTaskDefinitionTaskRole4D626B6F",
          },
        ],
      },
      "Type": "AWS::IAM::Policy",
    },
    "testecstaskecstestTaskDefinitiontestecstaskecstestTaskContainerLogGroup3F63585A": {
      "DeletionPolicy": "Retain",
      "Properties": {
        "RetentionInDays": 14,
        "Tags": [
          {
            "Key": "App",
            "Value": "ecs-test",
          },
          {
            "Key": "gu:cdk:version",
            "Value": "TEST",
          },
          {
            "Key": "gu:repo",
            "Value": "guardian/cdk",
          },
          {
            "Key": "Stack",
            "Value": "test-stack",
          },
          {
            "Key": "Stage",
            "Value": "TEST",
          },
        ],
      },
      "Type": "AWS::Logs::LogGroup",
      "UpdateReplacePolicy": "Retain",
    },
  },
}
`;
