// Jest Snapshot v1, https://goo.gl/fbAQLP

exports[`The GuAppAwareConstruct mixin should add the app tag 1`] = `
{
  "Metadata": {
    "gu:cdk:constructs": [
      "GuStack",
    ],
    "gu:cdk:version": "TEST",
  },
  "Resources": {
    "MyBucketTest262E966E": {
      "DeletionPolicy": "Retain",
      "Properties": {
        "Tags": [
          {
            "Key": "App",
            "Value": "Test",
          },
          {
            "Key": "gu:cdk:version",
            "Value": "TEST",
          },
          {
            "Key": "gu:repo",
            "Value": "guardian/cdk",
          },
          {
            "Key": "Stack",
            "Value": "test-stack",
          },
          {
            "Key": "Stage",
            "Value": "TEST",
          },
        ],
      },
      "Type": "AWS::S3::Bucket",
      "UpdateReplacePolicy": "Retain",
    },
  },
}
`;
